>>> BaseGeometry = __import__("7-base_geometry").BaseGeometry
>>> BaseGeometry().area()
Traceback (most recent call last):
Exception: area() is not implemented
>>> BaseGeometry().integer_validator("height", 1)
>>> BaseGeometry().integer_validator("height", True)
Traceback (most recent call last):
TypeError: height must be an integer
>>> BaseGeometry().integer_validator("width", 0)
Traceback (most recent call last):
ValueError: width must be greater than 0
